python src/python/xlinker/evaluate.py -dataset bc5cdr -ent_type Disease -kb medic -model_dir test/test_data/saved_trees/TreeDisease100 -top_k 3 --abbrv --pipeline --threshold 0.15 --ppr

Result: Top-1 Accuracy: 0.7189797794117647, 0.7210477941176471

Top-1 Accuracy: 0.7233455882352942 # Random Forest, depth=2

python src/python/xlinker/evaluate.py -dataset bc5cdr -ent_type Chemical -kb ctd_chemicals -model_dir test/test_data/saved_trees/TreeDisease100 -top_k 5 --abbrv --pipeline  --ppr

Result: Top-1 Accuracy: 0.9215763546798029

python src/python/xlinker/evaluate.py -dataset bc5cdr -ent_type Disease -kb medic -model_dir test/test_data/saved_trees/TreeDisease500 -top_k 3 --abbrv --pipeline --threshold 0.15 --ppr

Result: Top-1 Accuracy: 0.7233455882352942

python src/python/xlinker/evaluate.py -dataset bc5cdr -ent_type Disease -kb medic -model_dir test/test_data/saved_trees/TreeDisease1000 -top_k 3 --abbrv --pipeline --threshold 0.15 --ppr

Result: Top-1 Accuracy: 0.7244944852941176

python src/python/xlinker/evaluate.py -dataset biored -ent_type Chemical -kb ctd_chemicals -model_dir 
test/test_data/saved_trees/TreeDisease1000 -top_k 5 --abbrv --pipeline  --ppr

Result: Top-1 Accuracy: 0.9217733990147783

Best Clustering is from sklearn minibatch